   text	   data	    bss	    dec	    hex	filename
     32	      0	      0	     32	     20	../object/ARCH/core_cm3/src/HardFault.o.ram
    138	      0	      0	    138	     8a	../object/ARCH/core_cm3/src/core_cm3.o.ram
    282	      0	      0	    282	    11a	../object/ARCH/startup/src/startup_cm3.o.ram
    247	      0	    120	    367	    16f	../object/ARCH/assert/src/dump.o.ram
      4	      0	      0	      4	      4	../object/ARCH/assert/src/dump_port.o.ram
    366	      0	     11	    377	    179	../object/ARCH/assert/src/sys_debug.o.ram
    384	      0	      0	    384	    180	../object/ARCH/nvic/src/xinyi_nvic.o.ram
      0	      0	      0	      0	      0	../object/ARCH/startup/src/system_cm3.o.ram
    294	      0	      0	    294	    126	../object/DRIVERS/hal/src/hal_adc.o.ram
     72	      0	      0	     72	     48	../object/DRIVERS/hal/src/hal_cortex.o.ram
   3060	      0	      0	   3060	    bf4	../object/DRIVERS/hal/src/hal_csp.o.ram
    278	      0	      0	    278	    116	../object/DRIVERS/hal/src/hal_gpi.o.ram
    678	      0	      0	    678	    2a6	../object/DRIVERS/hal/src/hal_gpio.o.ram
   1766	      0	      0	   1766	    6e6	../object/DRIVERS/hal/src/hal_i2c.o.ram
   2022	      0	      0	   2022	    7e6	../object/DRIVERS/hal/src/hal_spi.o.ram
    482	      0	      0	    482	    1e2	../object/DRIVERS/hal/src/hal_tim.o.ram
   1462	      0	      0	   1462	    5b6	../object/DRIVERS/hal/src/hal_uart.o.ram
   1179	     64	    613	   1856	    740	../object/DRIVERS/IpcMsg/src/ipcmsg_drv.o.ram
    246	      0	      0	    246	     f6	../object/DRIVERS/IpcMsg/src/ipcmsg_hal.o.ram
    334	      0	      0	    334	    14e	../object/DRIVERS/IpcMsg/src/ipcmsg_ringbuf.o.ram
   1520	      0	      1	   1521	    5f1	../object/DRIVERS/driverlib/src/adc.o.ram
    728	      0	      0	    728	    2d8	../object/DRIVERS/driverlib/src/aes.o.ram
    560	      0	      0	    560	    230	../object/DRIVERS/driverlib/src/csp.o.ram
    496	      0	      4	    500	    1f4	../object/DRIVERS/driverlib/src/dma.o.ram
   1665	      6	      0	   1671	    687	../object/DRIVERS/driverlib/src/flash_vendor.o.ram
      0	      0	      0	      0	      0	../object/DRIVERS/driverlib/src/gpio.o.ram
      0	      0	      0	      0	      0	../object/DRIVERS/driverlib/src/i2c.o.ram
      0	      0	      0	      0	      0	../object/DRIVERS/driverlib/src/interrupt.o.ram
    554	      0	      0	    554	    22a	../object/DRIVERS/driverlib/src/patch.o.ram
    182	     16	      0	    198	     c6	../object/DRIVERS/driverlib/src/prcm.o.ram
   1168	      0	      0	   1168	    490	../object/DRIVERS/driverlib/src/qspi_flash.o.ram
   5098	    470	      0	   5568	   15c0	../object/DRIVERS/driverlib/src/rf_drv.o.ram
    196	      0	      0	    196	     c4	../object/DRIVERS/driverlib/src/sema.o.ram
    244	      4	      1	    249	     f9	../object/DRIVERS/driverlib/src/sim_csp.o.ram
     30	      0	      0	     30	     1e	../object/DRIVERS/driverlib/src/spi.o.ram
      0	      0	      0	      0	      0	../object/DRIVERS/driverlib/src/systick.o.ram
      0	      0	      0	      0	      0	../object/DRIVERS/driverlib/src/timer.o.ram
    230	      0	      0	    230	     e6	../object/DRIVERS/driverlib/src/uart.o.ram
    830	      0	      0	    830	    33e	../object/DRIVERS/driverlib/src/utc.o.ram
    118	      0	      0	    118	     76	../object/DRIVERS/driverlib/src/watchdog.o.ram
    140	      0	      0	    140	     8c	../object/DRIVERS/mcnt/src/mcnt.o.ram
    410	      0	      9	    419	    1a3	../object/DRIVERS/mpu/src/mpu.o.ram
   6682	      2	     27	   6711	   1a37	../object/DRIVERS/smartcard/src/smartcard.o.ram
    622	      0	      8	    630	    276	../object/DRIVERS/smartcard/src/smartcard_proxy.o.ram
    130	      0	      0	    130	     82	../object/KERNEL/OS/FreeRTOS/list.o.ram
    731	      4	      5	    740	    2e4	../object/KERNEL/OS/FreeRTOS/portable/GCC/ARM_CM3/port.o.ram
   1079	      0	     44	   1123	    463	../object/KERNEL/OS/FreeRTOS/portable/MemMang/heap_6.o.ram
   3186	      0	      0	   3186	    c72	../object/KERNEL/OS/FreeRTOS/queue.o.ram
   6369	      0	    800	   7169	   1c01	../object/KERNEL/OS/FreeRTOS/tasks.o.ram
   1627	      0	     60	   1687	    697	../object/KERNEL/OS/FreeRTOS/timers.o.ram
   5098	      0	      8	   5106	   13f2	../object/KERNEL/OSAL/FreeRTOS/Source/osal.o.ram
    209	      0	      4	    213	     d5	../object/KERNEL/OSAL/FreeRTOS/Source/osal_freertos_hook.o.ram
    486	      0	    244	    730	    2da	../object/KERNEL/OSAL/FreeRTOS/Source/osal_statistics.o.ram
   1935	   1448	      0	   3383	    d37	../object/SYSAPP/at_cmd/src/at_cmd.o.flash
   5070	     18	      5	   5093	   13e5	../object/SYSAPP/at_cmd/src/at_hardware_cmd.o.flash
   2628	      0	     12	   2640	    a50	../object/SYSAPP/at_cmd/src/at_passthrough.o.flash
   4450	     10	     19	   4479	   117f	../object/SYSAPP/at_cmd/src/at_ps_cmd.o.flash
   3398	      0	      8	   3406	    d4e	../object/SYSAPP/at_cmd/src/at_system_cmd.o.flash
   5704	      4	     12	   5720	   1658	../object/SYSAPP/at_cmd/src/at_tcpip_cmd.o.flash
   9059	      0	     16	   9075	   2373	../object/SYSAPP/at_cmd/src/at_test_cmd.o.flash
    621	    208	      0	    829	    33d	../object/SYSAPP/at_cmd/src/at_urc.o.flash
   2567	      0	     28	   2595	    a23	../object/SYSAPP/at_cmd/src/at_worklock.o.flash
  17510	      0	      9	  17519	   446f	../object/SYSAPP/at_cmd/src/at_xy_cmd.o.flash
   2168	     32	     26	   2226	    8b2	../object/SYSAPP/at_uart/src/at_uart.o.flash
   2157	      0	     40	   2197	    895	../object/SYSAPP/at_uart/src/dirty_data_processing.o.ram
      0	      0	      0	      0	      0	../object/SYSAPP/diag_ctrl/src/diag_IsPrintLog.o.flash
      0	      0	      0	      0	      0	../object/SYSAPP/diag_ctrl/src/diag_cmd_cnf.o.flash
      0	      0	      0	      0	      0	../object/SYSAPP/diag_ctrl/src/diag_cmd_cnf_flash.o.flash
    546	      0	      2	    548	    224	../object/SYSAPP/diag_ctrl/src/diag_format.o.flash
    824	      0	    129	    953	    3b9	../object/SYSAPP/diag_ctrl/src/diag_mem_dump.o.flash
      4	      0	      0	      4	      4	../object/SYSAPP/diag_ctrl/src/diag_mem_dump_ram.o.flash
    104	      0	      0	    104	     68	../object/SYSAPP/diag_ctrl/src/diag_out.o.flash
      0	      0	      0	      0	      0	../object/SYSAPP/diag_ctrl/src/diag_primitive_print.o.flash
      0	      0	      0	      0	      0	../object/SYSAPP/diag_ctrl/src/diag_primitive_print_ram.o.flash
      0	      0	      0	      0	      0	../object/SYSAPP/diag_ctrl/src/diag_protocol_print.o.flash
      0	      0	      0	      0	      0	../object/SYSAPP/diag_ctrl/src/diag_protocol_print_ram.o.flash
    472	      1	    306	    779	    30b	../object/SYSAPP/diag_ctrl/src/diag_read_msg.o.flash
    248	      0	      0	    248	     f8	../object/SYSAPP/diag_ctrl/src/diag_string_print.o.flash
      0	      0	      0	      0	      0	../object/SYSAPP/diag_ctrl/src/diag_string_print_phy.o.flash
      0	      0	      0	      0	      0	../object/SYSAPP/diag_ctrl/src/diag_string_print_ram.o.flash
    539	      4	     16	    559	    22f	../object/SYSAPP/diag_ctrl/src/xy_log_send.o.flash
   1282	      0	      0	   1282	    502	../object/SYSAPP/flash/src/flash_adapt.o.ram
   2473	      0	     13	   2486	    9b6	../object/SYSAPP/flash/src/xy_flash.o.flash
     94	      0	      0	     94	     5e	../object/SYSAPP/lpm/src/low_power.o.ram
    226	      0	      8	    234	     ea	../object/SYSAPP/lpm/src/lpm_adapt.o.ram
   6902	      0	     78	   6980	   1b44	../object/SYSAPP/lpm/src/lpm_func.o.ram
    123	      0	      0	    123	     7b	../object/SYSAPP/redirect/src/malloc.o.ram
     52	      0	      0	     52	     34	../object/SYSAPP/redirect/src/printf.o.ram
   1420	      0	      0	   1420	    58c	../object/SYSAPP/rtc_tmr/src/rtc_adapt.o.ram
   2831	      0	     21	   2852	    b24	../object/SYSAPP/rtc_tmr/src/rtc_tmr.o.ram
   1181	      0	      0	   1181	    49d	../object/SYSAPP/rtc_tmr/src/xy_rtc_api.o.flash
    840	      4	     16	    860	    35c	../object/SYSAPP/shm_msg/src/inter_core_msg.o.flash
    654	      4	     20	    678	    2a6	../object/SYSAPP/shm_msg/src/shm_msg_api.o.flash
    408	      0	     36	    444	    1bc	../object/SYSAPP/shm_msg/src/zero_copy_shm.o.flash
   5453	      0	      8	   5461	   1555	../object/SYSAPP/sock_proxy/src/socket_proxy.o.flash
   1684	      0	     12	   1696	    6a0	../object/SYSAPP/system/src/dsp_process.o.flash
    623	      0	      7	    630	    276	../object/SYSAPP/system/src/dump_process.o.flash
   3526	      1	     33	   3560	    de8	../object/SYSAPP/system/src/oss_nv.o.flash
    184	      0	      4	    188	     bc	../object/SYSAPP/system/src/sys_app_init.o.flash
    860	      4	      8	    872	    368	../object/SYSAPP/system/src/sys_init.o.flash
    379	      0	     10	    389	    185	../object/SYSAPP/system/src/xy_hwi.o.ram
    103	      0	      0	    103	     67	../object/SYSAPP/system/src/xy_lib_stub.o.flash
    971	      0	      0	    971	    3cb	../object/SYSAPP/system/src/xy_mem.o.ram
   2710	      0	     61	   2771	    ad3	../object/SYSAPP/system/src/xy_passthrough.o.flash
    440	      0	     12	    452	    1c4	../object/SYSAPP/system/src/xy_printf.o.flash
    485	      0	      8	    493	    1ed	../object/SYSAPP/system/src/xy_proxy.o.flash
    828	      8	      8	    844	    34c	../object/SYSAPP/system/src/xy_system.o.flash
    952	      0	      8	    960	    3c0	../object/SYSAPP/system/src/xy_utils.o.flash
    561	      0	      8	    569	    239	../object/SYSAPP/system/src/xy_watchdog.o.flash
   2968	     40	      4	   3012	    bc4	../object/APPLIB/cloud/cdp/AgentTiny/atiny_lwm2m/agent_tiny_cmd_ioctl.o.flash
   6914	      0	     49	   6963	   1b33	../object/APPLIB/cloud/cdp/AgentTiny/atiny_lwm2m/agent_tiny_demo.o.flash
   2662	      0	     21	   2683	    a7b	../object/APPLIB/cloud/cdp/AgentTiny/atiny_lwm2m/agenttiny.o.flash
    920	      0	     12	    932	    3a4	../object/APPLIB/cloud/cdp/AgentTiny/atiny_lwm2m/atiny_rpt.o.flash
   1246	      0	      4	   1250	    4e2	../object/APPLIB/cloud/cdp/AgentTiny/atiny_lwm2m/connection.o.flash
   1370	      0	      0	   1370	    55a	../object/APPLIB/cloud/cdp/AgentTiny/atiny_lwm2m/object_access_control.o.flash
   1371	      0	      0	   1371	    55b	../object/APPLIB/cloud/cdp/AgentTiny/atiny_lwm2m/object_binary_app_data_container.o.flash
    933	      0	      0	    933	    3a5	../object/APPLIB/cloud/cdp/AgentTiny/atiny_lwm2m/object_connectivity_moni.o.flash
    721	      0	      0	    721	    2d1	../object/APPLIB/cloud/cdp/AgentTiny/atiny_lwm2m/object_connectivity_stat.o.flash
   1080	      0	      0	   1080	    438	../object/APPLIB/cloud/cdp/AgentTiny/atiny_lwm2m/object_device.o.flash
    652	      0	      0	    652	    28c	../object/APPLIB/cloud/cdp/AgentTiny/atiny_lwm2m/object_firmware.o.flash
    404	      0	      0	    404	    194	../object/APPLIB/cloud/cdp/AgentTiny/atiny_lwm2m/object_location.o.flash
    973	      0	      0	    973	    3cd	../object/APPLIB/cloud/cdp/AgentTiny/atiny_lwm2m/object_security.o.flash
   1365	      0	      0	   1365	    555	../object/APPLIB/cloud/cdp/AgentTiny/atiny_lwm2m/object_server.o.flash
    101	      0	      0	    101	     65	../object/APPLIB/cloud/cdp/AgentTiny/atiny_lwm2m/platform_adapter.o.flash
      0	      0	      0	      0	      0	../object/APPLIB/cloud/cdp/AgentTiny/atiny_lwm2m/util_timer.o.flash
    104	      0	      1	    105	     69	../object/APPLIB/cloud/cdp/AgentTiny/log/atiny_log.o.flash
    261	      0	      0	    261	    105	../object/APPLIB/cloud/cdp/AgentTiny/lwm2m/core/block1.o.flash
      0	      0	      0	      0	      0	../object/APPLIB/cloud/cdp/AgentTiny/lwm2m/core/bootstrap.o.flash
   1305	      0	      0	   1305	    519	../object/APPLIB/cloud/cdp/AgentTiny/lwm2m/core/data.o.flash
   1797	      0	      0	   1797	    705	../object/APPLIB/cloud/cdp/AgentTiny/lwm2m/core/discover.o.flash
   3642	      4	      3	   3649	    e41	../object/APPLIB/cloud/cdp/AgentTiny/lwm2m/core/er-coap-13/er-coap-13.o.flash
      0	      0	      0	      0	      0	../object/APPLIB/cloud/cdp/AgentTiny/lwm2m/core/json.o.flash
   1368	      0	     12	   1380	    564	../object/APPLIB/cloud/cdp/AgentTiny/lwm2m/core/liblwm2m.o.flash
    164	      0	      0	    164	     a4	../object/APPLIB/cloud/cdp/AgentTiny/lwm2m/core/list.o.flash
   1516	      0	      0	   1516	    5ec	../object/APPLIB/cloud/cdp/AgentTiny/lwm2m/core/lwm2m_utils.o.flash
   1541	      0	      2	   1543	    607	../object/APPLIB/cloud/cdp/AgentTiny/lwm2m/core/management.o.flash
   2449	      0	      0	   2449	    991	../object/APPLIB/cloud/cdp/AgentTiny/lwm2m/core/objects.o.flash
   3334	      0	      4	   3338	    d0a	../object/APPLIB/cloud/cdp/AgentTiny/lwm2m/core/observe.o.flash
    985	      0	    288	   1273	    4f9	../object/APPLIB/cloud/cdp/AgentTiny/lwm2m/core/packet.o.flash
   2856	      0	     16	   2872	    b38	../object/APPLIB/cloud/cdp/AgentTiny/lwm2m/core/registration.o.flash
   1357	      0	      0	   1357	    54d	../object/APPLIB/cloud/cdp/AgentTiny/lwm2m/core/tlv.o.flash
   1100	      0	      0	   1100	    44c	../object/APPLIB/cloud/cdp/AgentTiny/lwm2m/core/transaction.o.flash
    742	      0	      0	    742	    2e6	../object/APPLIB/cloud/cdp/AgentTiny/lwm2m/core/uri.o.flash
   3161	      0	      0	   3161	    c59	../object/APPLIB/cloud/cdp/AgentTiny/lwm2m/examples/shared/commandline.o.flash
   2964	      0	      6	   2970	    b9a	../object/APPLIB/cloud/cdp/AgentTiny/net/atiny_socket.o.flash
    306	      0	      4	    310	    136	../object/APPLIB/cloud/cdp/AgentTiny/osdepends/atiny_osdep.o.flash
    116	      0	      4	    120	     78	../object/APPLIB/cloud/cdp/AgentTiny/osdepends/ota_port.o.flash
    277	      0	     12	    289	    121	../object/APPLIB/cloud/cdp/AgentTiny/ota/flag_operate/flag_manager.o.flash
    260	      0	     24	    284	    11c	../object/APPLIB/cloud/cdp/AgentTiny/ota/flag_operate/upgrade_flag.o.flash
    956	      0	      8	    964	    3c4	../object/APPLIB/cloud/cdp/AgentTiny/ota/fota/atiny_fota_manager.o.flash
    960	      0	      0	    960	    3c0	../object/APPLIB/cloud/cdp/AgentTiny/ota/fota/atiny_fota_state.o.flash
   1451	      0	     44	   1495	    5d7	../object/APPLIB/cloud/cdp/AgentTiny/ota/fota/firmware_update.o.flash
   1118	      0	     96	   1214	    4be	../object/APPLIB/cloud/cdp/AgentTiny/ota/package/package.o.flash
   1042	      0	      0	   1042	    412	../object/APPLIB/cloud/cdp/AgentTiny/ota/package/package_writer.o.flash
   3066	      0	     48	   3114	    c2a	../object/APPLIB/cloud/cdp/AgentTiny/ota/sota/sota.o.flash
   1134	      0	      0	   1134	    46e	../object/APPLIB/cloud/cdp/AgentTiny/ota/sota/sota_hal.o.flash
   1072	      0	      0	   1072	    430	../object/APPLIB/cloud/cdp/AgentTiny/ota/utility/ota_crc.o.flash
   7476	      0	      4	   7480	   1d38	../object/APPLIB/cloud/cdp/xy_cdp/src/at_cdp.o.flash
   1183	      0	      0	   1183	    49f	../object/APPLIB/cloud/cdp/xy_cdp/src/at_cdp_bc26.o.flash
   2218	      0	     20	   2238	    8be	../object/APPLIB/cloud/cdp/xy_cdp/src/cdp_backup_proc.o.flash
   2317	      0	     16	   2333	    91d	../object/APPLIB/cloud/cdp/xy_cdp/src/xy_cdp_api.o.flash
   1431	    404	     28	   1863	    747	../object/APPLIB/cloud/onenet/DM/src/cmcc_dm.o.flash
    504	      0	      0	    504	    1f8	../object/APPLIB/cloud/onenet/DM/src/cmccdm_hook_func.o.flash
    261	      0	      0	    261	    105	../object/APPLIB/cloud/onenet/ciscore/cis_block1.o.flash
    645	      0	      0	    645	    285	../object/APPLIB/cloud/onenet/ciscore/cis_bootstrap.o.flash
    535	      0	      0	    535	    217	../object/APPLIB/cloud/onenet/ciscore/cis_config.o.flash
   6360	     16	      8	   6384	   18f0	../object/APPLIB/cloud/onenet/ciscore/cis_core.o.flash
   1175	      0	      0	   1175	    497	../object/APPLIB/cloud/onenet/ciscore/cis_data.o.flash
    903	      0	      0	    903	    387	../object/APPLIB/cloud/onenet/ciscore/cis_discover.o.flash
   3670	      4	      3	   3677	    e5d	../object/APPLIB/cloud/onenet/ciscore/cis_er-coap-13/cis_er-coap-13.o.flash
      0	      0	      0	      0	      0	../object/APPLIB/cloud/onenet/ciscore/cis_json.o.flash
    232	      0	      0	    232	     e8	../object/APPLIB/cloud/onenet/ciscore/cis_list.o.flash
     52	      4	      1	     57	     39	../object/APPLIB/cloud/onenet/ciscore/cis_log.o.flash
   1603	      0	      0	   1603	    643	../object/APPLIB/cloud/onenet/ciscore/cis_management.o.flash
      0	      0	      0	      0	      0	../object/APPLIB/cloud/onenet/ciscore/cis_memtrace.o.flash
   3397	      0	      0	   3397	    d45	../object/APPLIB/cloud/onenet/ciscore/cis_objects.o.flash
   2719	      0	      0	   2719	    a9f	../object/APPLIB/cloud/onenet/ciscore/cis_observe.o.flash
   4404	      0	    296	   4700	   125c	../object/APPLIB/cloud/onenet/ciscore/cis_packet.o.flash
   3082	      0	      0	   3082	    c0a	../object/APPLIB/cloud/onenet/ciscore/cis_registration.o.flash
   1042	      0	      0	   1042	    412	../object/APPLIB/cloud/onenet/ciscore/cis_tlv.o.flash
   1185	      0	      0	   1185	    4a1	../object/APPLIB/cloud/onenet/ciscore/cis_transaction.o.flash
    896	      0	      0	    896	    380	../object/APPLIB/cloud/onenet/ciscore/cis_uri.o.flash
   3635	      0	      0	   3635	    e33	../object/APPLIB/cloud/onenet/ciscore/cis_utils.o.flash
   2062	      0	      0	   2062	    80e	../object/APPLIB/cloud/onenet/ciscore/dm_utils/dm_endpoint.o.flash
      0	      0	      0	      0	      0	../object/APPLIB/cloud/onenet/ciscore/dm_utils/j_aes.o.flash
    616	      0	      0	    616	    268	../object/APPLIB/cloud/onenet/ciscore/dm_utils/j_base64.o.flash
   1056	      0	      4	   1060	    424	../object/APPLIB/cloud/onenet/ciscore/dtls/ccm.o.flash
   6640	      0	      0	   6640	   19f0	../object/APPLIB/cloud/onenet/ciscore/dtls/cis_aes.o.flash
    991	      0	      4	    995	    3e3	../object/APPLIB/cloud/onenet/ciscore/dtls/crypto.o.flash
      0	      0	      0	      0	      0	../object/APPLIB/cloud/onenet/ciscore/dtls/debug.o.flash
   4884	      0	      0	   4884	   1314	../object/APPLIB/cloud/onenet/ciscore/dtls/dtls.o.flash
   2848	      0	      0	   2848	    b20	../object/APPLIB/cloud/onenet/ciscore/dtls/ecc.o.flash
    259	      0	      0	    259	    103	../object/APPLIB/cloud/onenet/ciscore/dtls/hmac.o.flash
    209	      0	      0	    209	     d1	../object/APPLIB/cloud/onenet/ciscore/dtls/netq.o.flash
    139	      0	      0	    139	     8b	../object/APPLIB/cloud/onenet/ciscore/dtls/peer.o.flash
   1104	      0	      0	   1104	    450	../object/APPLIB/cloud/onenet/ciscore/dtls/sha2.o.flash
      0	      0	      0	      0	      0	../object/APPLIB/cloud/onenet/ciscore/std_object/cis_object_cmdhdefecvalues.o.flash
    602	      0	      0	    602	    25a	../object/APPLIB/cloud/onenet/ciscore/std_object/cis_object_conn_moniter.o.flash
    912	      0	      0	    912	    390	../object/APPLIB/cloud/onenet/ciscore/std_object/cis_object_device.o.flash
   2016	      0	      0	   2016	    7e0	../object/APPLIB/cloud/onenet/ciscore/std_object/cis_object_dm.o.flash
      0	      0	      0	      0	      0	../object/APPLIB/cloud/onenet/ciscore/std_object/cis_object_extend_moniter.o.flash
   1406	      0	      0	   1406	    57e	../object/APPLIB/cloud/onenet/ciscore/std_object/cis_object_firmware.o.flash
      0	      0	      0	      0	      0	../object/APPLIB/cloud/onenet/ciscore/std_object/cis_object_powerup_log.o.flash
    664	      0	      0	    664	    298	../object/APPLIB/cloud/onenet/ciscore/std_object/std_object.o.flash
   1620	      0	      0	   1620	    654	../object/APPLIB/cloud/onenet/ciscore/std_object/std_object_security.o.flash
  17222	      1	     74	  17297	   4391	../object/APPLIB/cloud/onenet/xy_onenet/src/at_onenet_proc.o.flash
  10695	      0	     12	  10707	   29d3	../object/APPLIB/cloud/onenet/xy_onenet/src/at_xy_lwm2m_proc.o.flash
   3481	      0	     20	   3501	    dad	../object/APPLIB/cloud/onenet/xy_onenet/src/onenet_backup_proc.o.flash
   1104	      0	     20	   1124	    464	../object/APPLIB/cloud/onenet/xy_onenet/src/onenet_fota.o.flash
   1969	      0	      4	   1973	    7b5	../object/APPLIB/cloud/onenet/xy_onenet/src/onenet_net.o.flash
    193	      0	      0	    193	     c1	../object/APPLIB/cloud/onenet/xy_onenet/src/onenet_sys.o.flash
   6604	     16	     13	   6633	   19e9	../object/APPLIB/cloud/onenet/xy_onenet/src/xy_cis_api.o.flash
   2704	      0	     16	   2720	    aa0	../object/APPLIB/cloud/onenet/xy_onenet/src/xy_cis_ext_api.o.flash
    559	      0	      0	    559	    22f	../object/APPLIB/cloud/utils/src/cloud_utils.o.flash
    390	      0	      0	    390	    186	../object/APPLIB/cloud/utils/src/rsa.o.flash
    892	      0	      0	    892	    37c	../object/APPLIB/cloud/utils/src/sha1.o.flash
    138	      0	      0	    138	     8a	../object/APPLIB/cloud/utils/src/usha.o.flash
    362	      0	      0	    362	    16a	../object/APPLIB/cloud/utils/src/xy_hmac.o.flash
   1327	      4	      0	   1331	    533	../object/APPLIB/dm/xy_dm/src/dm_ctl.o.flash
   3174	      0	     17	   3191	    c77	../object/APPLIB/dm/xy_dm/src/telecom_dm.o.flash
   3056	      0	     17	   3073	    c01	../object/APPLIB/dm/xy_dm/src/unicom_dm.o.flash
     42	      0	      0	     42	     2a	../object/APPLIB/libcoap/CoapPacket/src/address.o.flash
    406	      0	      0	    406	    196	../object/APPLIB/libcoap/CoapPacket/src/async.o.flash
   1198	      0	      0	   1198	    4ae	../object/APPLIB/libcoap/CoapPacket/src/block.o.flash
   4760	      1	    495	   5256	   1488	../object/APPLIB/libcoap/CoapPacket/src/coap_debug.o.flash
     14	      0	      0	     14	      e	../object/APPLIB/libcoap/CoapPacket/src/coap_event.o.flash
     46	      0	      0	     46	     2e	../object/APPLIB/libcoap/CoapPacket/src/coap_hashkey.o.flash
   1210	      0	      0	   1210	    4ba	../object/APPLIB/libcoap/CoapPacket/src/coap_io_lwip.o.flash
    144	      0	     28	    172	     ac	../object/APPLIB/libcoap/CoapPacket/src/coap_notls.o.flash
   8524	      0	    384	   8908	   22cc	../object/APPLIB/libcoap/CoapPacket/src/coap_session.o.flash
      0	      0	      0	      0	      0	../object/APPLIB/libcoap/CoapPacket/src/coap_time.o.flash
    269	      0	      0	    269	    10d	../object/APPLIB/libcoap/CoapPacket/src/encode.o.flash
      0	      0	      0	      0	      0	../object/APPLIB/libcoap/CoapPacket/src/mem.o.flash
   7712	      0	      4	   7716	   1e24	../object/APPLIB/libcoap/CoapPacket/src/net.o.flash
   2158	      0	      0	   2158	    86e	../object/APPLIB/libcoap/CoapPacket/src/option.o.flash
   3799	    192	      0	   3991	    f97	../object/APPLIB/libcoap/CoapPacket/src/pdu.o.flash
   5317	      8	      0	   5325	   14cd	../object/APPLIB/libcoap/CoapPacket/src/resource.o.flash
    203	      0	     20	    223	     df	../object/APPLIB/libcoap/CoapPacket/src/str.o.flash
     44	      0	      0	     44	     2c	../object/APPLIB/libcoap/CoapPacket/src/subscribe.o.flash
   1808	      0	      0	   1808	    710	../object/APPLIB/libcoap/CoapPacket/src/uri.o.flash
   4649	      0	     34	   4683	   124b	../object/APPLIB/libcoap/xy_coap/src/at_coap.o.flash
   7153	     19	     70	   7242	   1c4a	../object/APPLIB/libcoap/xy_coap/src/xy_coap_api.o.flash
   4056	      0	      0	   4056	    fd8	../object/APPLIB/lwip/lwip-2.1.2/api/api_lib.o.flash
   8413	      0	      0	   8413	   20dd	../object/APPLIB/lwip/lwip-2.1.2/api/api_msg.o.flash
    100	      0	      0	    100	     64	../object/APPLIB/lwip/lwip-2.1.2/api/err.o.flash
     70	      0	      0	     70	     46	../object/APPLIB/lwip/lwip-2.1.2/api/if_api.o.flash
   1039	      0	      0	   1039	    40f	../object/APPLIB/lwip/lwip-2.1.2/api/netbuf.o.flash
    698	      0	     56	    754	    2f2	../object/APPLIB/lwip/lwip-2.1.2/api/netdb.o.flash
    332	      0	      0	    332	    14c	../object/APPLIB/lwip/lwip-2.1.2/api/netifapi.o.flash
  11363	      0	     44	  11407	   2c8f	../object/APPLIB/lwip/lwip-2.1.2/api/sockets.o.flash
   1457	      0	     12	   1469	    5bd	../object/APPLIB/lwip/lwip-2.1.2/api/tcpip.o.flash
   2026	      0	     93	   2119	    847	../object/APPLIB/lwip/lwip-2.1.2/apps/sntp/sntp.o.flash
      0	      0	      0	      0	      0	../object/APPLIB/lwip/lwip-2.1.2/core/altcp.o.flash
      0	      0	      0	      0	      0	../object/APPLIB/lwip/lwip-2.1.2/core/altcp_alloc.o.flash
      0	      0	      0	      0	      0	../object/APPLIB/lwip/lwip-2.1.2/core/altcp_tcp.o.flash
    292	      0	      0	    292	    124	../object/APPLIB/lwip/lwip-2.1.2/core/def.o.flash
   3626	      2	    338	   3966	    f7e	../object/APPLIB/lwip/lwip-2.1.2/core/dns.o.flash
    885	      0	      0	    885	    375	../object/APPLIB/lwip/lwip-2.1.2/core/inet_chksum.o.flash
     34	      0	      0	     34	     22	../object/APPLIB/lwip/lwip-2.1.2/core/init.o.flash
    132	      0	      0	    132	     84	../object/APPLIB/lwip/lwip-2.1.2/core/ip.o.flash
      0	      0	      0	      0	      0	../object/APPLIB/lwip/lwip-2.1.2/core/ipv4/autoip.o.flash
      0	      0	      0	      0	      0	../object/APPLIB/lwip/lwip-2.1.2/core/ipv4/dhcp.o.flash
      0	      0	      0	      0	      0	../object/APPLIB/lwip/lwip-2.1.2/core/ipv4/etharp.o.flash
    787	      0	      0	    787	    313	../object/APPLIB/lwip/lwip-2.1.2/core/ipv4/icmp.o.flash
      0	      0	      0	      0	      0	../object/APPLIB/lwip/lwip-2.1.2/core/ipv4/igmp.o.flash
   1158	      0	      2	   1160	    488	../object/APPLIB/lwip/lwip-2.1.2/core/ipv4/ip4.o.flash
    730	      0	     16	    746	    2ea	../object/APPLIB/lwip/lwip-2.1.2/core/ipv4/ip4_addr.o.flash
   2689	      0	      6	   2695	    a87	../object/APPLIB/lwip/lwip-2.1.2/core/ipv4/ip4_frag.o.flash
      0	      0	      0	      0	      0	../object/APPLIB/lwip/lwip-2.1.2/core/ipv6/dhcp6.o.flash
      0	      0	      0	      0	      0	../object/APPLIB/lwip/lwip-2.1.2/core/ipv6/ethip6.o.flash
    849	      0	      0	    849	    351	../object/APPLIB/lwip/lwip-2.1.2/core/ipv6/icmp6.o.flash
     16	      0	      0	     16	     10	../object/APPLIB/lwip/lwip-2.1.2/core/ipv6/inet6.o.flash
   3027	      0	      0	   3027	    bd3	../object/APPLIB/lwip/lwip-2.1.2/core/ipv6/ip6.o.flash
    780	      0	     40	    820	    334	../object/APPLIB/lwip/lwip-2.1.2/core/ipv6/ip6_addr.o.flash
   2746	      0	     10	   2756	    ac4	../object/APPLIB/lwip/lwip-2.1.2/core/ipv6/ip6_frag.o.flash
      0	      0	      0	      0	      0	../object/APPLIB/lwip/lwip-2.1.2/core/ipv6/mld6.o.flash
   1872	      8	     56	   1936	    790	../object/APPLIB/lwip/lwip-2.1.2/core/ipv6/nd6.o.flash
    304	      0	      0	    304	    130	../object/APPLIB/lwip/lwip-2.1.2/core/mem.o.flash
    833	      0	      0	    833	    341	../object/APPLIB/lwip/lwip-2.1.2/core/memp.o.flash
   3937	      0	      1	   3938	    f62	../object/APPLIB/lwip/lwip-2.1.2/core/netif.o.flash
   4390	      0	      0	   4390	   1126	../object/APPLIB/lwip/lwip-2.1.2/core/pbuf.o.flash
   1954	      0	      4	   1958	    7a6	../object/APPLIB/lwip/lwip-2.1.2/core/raw.o.flash
      0	      0	      0	      0	      0	../object/APPLIB/lwip/lwip-2.1.2/core/stats.o.flash
     34	      0	      0	     34	     22	../object/APPLIB/lwip/lwip-2.1.2/core/sys.o.flash
   8905	      0	      8	   8913	   22d1	../object/APPLIB/lwip/lwip-2.1.2/core/tcp.o.flash
   6802	      0	     52	   6854	   1ac6	../object/APPLIB/lwip/lwip-2.1.2/core/tcp_in.o.flash
   8642	      0	      0	   8642	   21c2	../object/APPLIB/lwip/lwip-2.1.2/core/tcp_out.o.flash
   1240	      0	     16	   1256	    4e8	../object/APPLIB/lwip/lwip-2.1.2/core/timeouts.o.flash
   4239	      0	      2	   4241	   1091	../object/APPLIB/lwip/lwip-2.1.2/core/udp.o.flash
      0	      0	      0	      0	      0	../object/APPLIB/lwip/lwip-2.1.2/netif/ethernet.o.flash
      0	      0	      0	      0	      0	../object/APPLIB/lwip/lwip_port/os/ethernetif.o.flash
    388	      0	      0	    388	    184	../object/APPLIB/lwip/lwip_port/os/sys_arch.o.flash
   1569	      0	     16	   1585	    631	../object/APPLIB/lwip/xy_adapter/src/net_app_resume.o.flash
   4282	     18	     52	   4352	   1100	../object/APPLIB/lwip/xy_adapter/src/ps_netif_api.o.flash
   3200	     56	      0	   3256	    cb8	../object/APPLIB/lwip/xy_adapter/src/xy_net_api.o.flash
    484	      0	      0	    484	    1e4	../object/APPLIB/perf/xy_perf/src/at_perf.o.flash
   1155	      0	      4	   1159	    487	../object/APPLIB/perf/xy_perf/src/xyperf.o.flash
   1068	      0	      0	   1068	    42c	../object/APPLIB/perf/xy_perf/src/xyperf6.o.flash
    591	      0	      0	    591	    24f	../object/APPLIB/ping/xy_ping/src/at_ping.o.flash
    382	      0	      0	    382	    17e	../object/APPLIB/ping/xy_ping/src/net_utils.o.flash
   3248	      0	     12	   3260	    cbc	../object/APPLIB/ping/xy_ping/src/ping.o.flash
   2516	      4	      2	   2522	    9da	../object/APPLIB/ping/xy_ping/src/ping6.o.flash
    212	      0	      0	    212	     d4	../object/APPLIB/wakaama/core/block1.o.flash
      0	      0	      0	      0	      0	../object/APPLIB/wakaama/core/bootstrap.o.flash
   1164	      0	      0	   1164	    48c	../object/APPLIB/wakaama/core/data.o.flash
   1770	      0	      0	   1770	    6ea	../object/APPLIB/wakaama/core/discover.o.flash
   3581	      4	      3	   3588	    e04	../object/APPLIB/wakaama/core/er-coap-13/er-coap-13.o.flash
      0	      0	      0	      0	      0	../object/APPLIB/wakaama/core/json.o.flash
    806	      0	      0	    806	    326	../object/APPLIB/wakaama/core/liblwm2m.o.flash
    164	      0	      0	    164	     a4	../object/APPLIB/wakaama/core/list.o.flash
   1251	      0	      0	   1251	    4e3	../object/APPLIB/wakaama/core/management.o.flash
   2335	      0	      0	   2335	    91f	../object/APPLIB/wakaama/core/objects.o.flash
   2224	      0	      0	   2224	    8b0	../object/APPLIB/wakaama/core/observe.o.flash
    856	      0	    280	   1136	    470	../object/APPLIB/wakaama/core/packet.o.flash
   1473	      0	      0	   1473	    5c1	../object/APPLIB/wakaama/core/registration.o.flash
   1335	      0	      0	   1335	    537	../object/APPLIB/wakaama/core/tlv.o.flash
    960	      0	      0	    960	    3c0	../object/APPLIB/wakaama/core/transaction.o.flash
    720	      0	      0	    720	    2d0	../object/APPLIB/wakaama/core/uri.o.flash
   1546	      0	      0	   1546	    60a	../object/APPLIB/wakaama/core/utils.o.flash
   2762	      0	     12	   2774	    ad6	../object/APPLIB/wakaama/examples/lightclient/lightclient.o.flash
    457	      0	      0	    457	    1c9	../object/APPLIB/wakaama/examples/lightclient/object_device.o.flash
    490	      0	      0	    490	    1ea	../object/APPLIB/wakaama/examples/lightclient/object_security.o.flash
    945	      0	      0	    945	    3b1	../object/APPLIB/wakaama/examples/lightclient/object_server.o.flash
   1130	      0	      0	   1130	    46a	../object/APPLIB/wakaama/examples/lightclient/test_object.o.flash
    550	      0	      0	    550	    226	../object/APPLIB/wakaama/examples/shared/connection.o.flash
     64	      0	      0	     64	     40	../object/APPLIB/wakaama/examples/shared/platform.o.flash
    263	      0	      0	    263	    107	../object/APPLIB/wireshark/xy_wireshark/src/at_wireshark.o.flash
    460	      0	     12	    472	    1d8	../object/APPLIB/wireshark/xy_wireshark/src/xy_wireshark.o.flash
   1102	      0	      9	   1111	    457	../object/APPLIB/xy_fota/src/at_fota.o.flash
   1629	      0	     16	   1645	    66d	../object/APPLIB/xy_fota/src/xy_fota.o.flash
   3348	      0	     84	   3432	    d68	../object/APPLIB/Dtls/mbedtls-2.6.0/library/aes.o.flash
      0	      0	      0	      0	      0	../object/APPLIB/Dtls/mbedtls-2.6.0/library/aesni.o.flash
      0	      0	      0	      0	      0	../object/APPLIB/Dtls/mbedtls-2.6.0/library/arc4.o.flash
    912	      0	      0	    912	    390	../object/APPLIB/Dtls/mbedtls-2.6.0/library/asn1parse.o.flash
      0	      0	      0	      0	      0	../object/APPLIB/Dtls/mbedtls-2.6.0/library/asn1write.o.flash
    768	      0	      0	    768	    300	../object/APPLIB/Dtls/mbedtls-2.6.0/library/base64.o.flash
   7879	      0	      0	   7879	   1ec7	../object/APPLIB/Dtls/mbedtls-2.6.0/library/bignum.o.flash
      0	      0	      0	      0	      0	../object/APPLIB/Dtls/mbedtls-2.6.0/library/blowfish.o.flash
      0	      0	      0	      0	      0	../object/APPLIB/Dtls/mbedtls-2.6.0/library/camellia.o.flash
   1036	      0	      0	   1036	    40c	../object/APPLIB/Dtls/mbedtls-2.6.0/library/ccm.o.flash
      0	      0	      0	      0	      0	../object/APPLIB/Dtls/mbedtls-2.6.0/library/certs.o.flash
   1412	      0	      4	   1416	    588	../object/APPLIB/Dtls/mbedtls-2.6.0/library/cipher.o.flash
    630	      0	      0	    630	    276	../object/APPLIB/Dtls/mbedtls-2.6.0/library/cipher_wrap.o.flash
      0	      0	      0	      0	      0	../object/APPLIB/Dtls/mbedtls-2.6.0/library/cmac.o.flash
    910	      0	      0	    910	    38e	../object/APPLIB/Dtls/mbedtls-2.6.0/library/ctr_drbg.o.flash
      0	      0	      0	      0	      0	../object/APPLIB/Dtls/mbedtls-2.6.0/library/debug.o.flash
      0	      0	      0	      0	      0	../object/APPLIB/Dtls/mbedtls-2.6.0/library/des.o.flash
      0	      0	      0	      0	      0	../object/APPLIB/Dtls/mbedtls-2.6.0/library/dhm.o.flash
      0	      0	      0	      0	      0	../object/APPLIB/Dtls/mbedtls-2.6.0/library/ecdh.o.flash
      0	      0	      0	      0	      0	../object/APPLIB/Dtls/mbedtls-2.6.0/library/ecdsa.o.flash
      0	      0	      0	      0	      0	../object/APPLIB/Dtls/mbedtls-2.6.0/library/ecjpake.o.flash
      0	      0	      0	      0	      0	../object/APPLIB/Dtls/mbedtls-2.6.0/library/ecp.o.flash
      0	      0	      0	      0	      0	../object/APPLIB/Dtls/mbedtls-2.6.0/library/ecp_curves.o.flash
    502	      0	      0	    502	    1f6	../object/APPLIB/Dtls/mbedtls-2.6.0/library/entropy.o.flash
      0	      0	      0	      0	      0	../object/APPLIB/Dtls/mbedtls-2.6.0/library/entropy_poll.o.flash
      0	      0	      0	      0	      0	../object/APPLIB/Dtls/mbedtls-2.6.0/library/error.o.flash
      0	      0	      0	      0	      0	../object/APPLIB/Dtls/mbedtls-2.6.0/library/gcm.o.flash
      0	      0	      0	      0	      0	../object/APPLIB/Dtls/mbedtls-2.6.0/library/havege.o.flash
      0	      0	      0	      0	      0	../object/APPLIB/Dtls/mbedtls-2.6.0/library/hmac_drbg.o.flash
    971	      0	      0	    971	    3cb	../object/APPLIB/Dtls/mbedtls-2.6.0/library/md.o.flash
      0	      0	      0	      0	      0	../object/APPLIB/Dtls/mbedtls-2.6.0/library/md2.o.flash
      0	      0	      0	      0	      0	../object/APPLIB/Dtls/mbedtls-2.6.0/library/md4.o.flash
      0	      0	      0	      0	      0	../object/APPLIB/Dtls/mbedtls-2.6.0/library/md5.o.flash
    327	      0	      0	    327	    147	../object/APPLIB/Dtls/mbedtls-2.6.0/library/md_wrap.o.flash
      0	      0	      0	      0	      0	../object/APPLIB/Dtls/mbedtls-2.6.0/library/memory_buffer_alloc.o.flash
   1196	      0	      0	   1196	    4ac	../object/APPLIB/Dtls/mbedtls-2.6.0/library/net_sockets.o.flash
   3418	      0	      0	   3418	    d5a	../object/APPLIB/Dtls/mbedtls-2.6.0/library/oid.o.flash
      0	      0	      0	      0	      0	../object/APPLIB/Dtls/mbedtls-2.6.0/library/padlock.o.flash
    347	      0	      0	    347	    15b	../object/APPLIB/Dtls/mbedtls-2.6.0/library/pem.o.flash
    721	      0	      0	    721	    2d1	../object/APPLIB/Dtls/mbedtls-2.6.0/library/pk.o.flash
    364	      0	      0	    364	    16c	../object/APPLIB/Dtls/mbedtls-2.6.0/library/pk_wrap.o.flash
      0	      0	      0	      0	      0	../object/APPLIB/Dtls/mbedtls-2.6.0/library/pkcs11.o.flash
      0	      0	      0	      0	      0	../object/APPLIB/Dtls/mbedtls-2.6.0/library/pkcs12.o.flash
      0	      0	      0	      0	      0	../object/APPLIB/Dtls/mbedtls-2.6.0/library/pkcs5.o.flash
   1360	      0	      0	   1360	    550	../object/APPLIB/Dtls/mbedtls-2.6.0/library/pkparse.o.flash
      0	      0	      0	      0	      0	../object/APPLIB/Dtls/mbedtls-2.6.0/library/pkwrite.o.flash
     90	     20	      0	    110	     6e	../object/APPLIB/Dtls/mbedtls-2.6.0/library/platform.o.flash
      0	      0	      0	      0	      0	../object/APPLIB/Dtls/mbedtls-2.6.0/library/ripemd160.o.flash
   5182	      0	      0	   5182	   143e	../object/APPLIB/Dtls/mbedtls-2.6.0/library/rsa.o.flash
   4086	      0	      0	   4086	    ff6	../object/APPLIB/Dtls/mbedtls-2.6.0/library/sha1.o.flash
   2658	      0	      0	   2658	    a62	../object/APPLIB/Dtls/mbedtls-2.6.0/library/sha256.o.flash
      0	      0	      0	      0	      0	../object/APPLIB/Dtls/mbedtls-2.6.0/library/sha512.o.flash
    552	      0	      0	    552	    228	../object/APPLIB/Dtls/mbedtls-2.6.0/library/ssl_cache.o.flash
   1141	      0	      0	   1141	    475	../object/APPLIB/Dtls/mbedtls-2.6.0/library/ssl_ciphersuites.o.flash
   3068	      0	      0	   3068	    bfc	../object/APPLIB/Dtls/mbedtls-2.6.0/library/ssl_cli.o.flash
      0	      0	      0	      0	      0	../object/APPLIB/Dtls/mbedtls-2.6.0/library/ssl_cookie.o.flash
      0	      0	      0	      0	      0	../object/APPLIB/Dtls/mbedtls-2.6.0/library/ssl_srv.o.flash
      0	      0	      0	      0	      0	../object/APPLIB/Dtls/mbedtls-2.6.0/library/ssl_ticket.o.flash
  10873	     36	      0	  10909	   2a9d	../object/APPLIB/Dtls/mbedtls-2.6.0/library/ssl_tls.o.flash
      0	      0	      0	      0	      0	../object/APPLIB/Dtls/mbedtls-2.6.0/library/threading.o.flash
      0	      0	      0	      0	      0	../object/APPLIB/Dtls/mbedtls-2.6.0/library/timing.o.flash
      0	      0	      0	      0	      0	../object/APPLIB/Dtls/mbedtls-2.6.0/library/version.o.flash
      0	      0	      0	      0	      0	../object/APPLIB/Dtls/mbedtls-2.6.0/library/version_features.o.flash
   1561	      0	      0	   1561	    619	../object/APPLIB/Dtls/mbedtls-2.6.0/library/x509.o.flash
      0	      0	      0	      0	      0	../object/APPLIB/Dtls/mbedtls-2.6.0/library/x509_create.o.flash
      0	      0	      0	      0	      0	../object/APPLIB/Dtls/mbedtls-2.6.0/library/x509_crl.o.flash
   7867	      0	      0	   7867	   1ebb	../object/APPLIB/Dtls/mbedtls-2.6.0/library/x509_crt.o.flash
      0	      0	      0	      0	      0	../object/APPLIB/Dtls/mbedtls-2.6.0/library/x509_csr.o.flash
      0	      0	      0	      0	      0	../object/APPLIB/Dtls/mbedtls-2.6.0/library/x509write_crt.o.flash
      0	      0	      0	      0	      0	../object/APPLIB/Dtls/mbedtls-2.6.0/library/x509write_csr.o.flash
      0	      0	      0	      0	      0	../object/APPLIB/Dtls/mbedtls-2.6.0/library/xtea.o.flash
   1223	      0	      0	   1223	    4c7	../object/APPLIB/Dtls/xy_dtls/src/dtls_interface.o.flash
     96	      0	      0	     96	     60	../object/APPLIB/Dtls/xy_dtls/src/entropy_hardware_poll.o.flash
     78	      0	      0	     78	     4e	../object/APPLIB/Dtls/xy_dtls/src/timing_alt.o.flash
   1164	      0	      0	   1164	    48c	../object/APPLIB/Dtls/xy_dtls/src/tls_interface.o.flash
    444	      0	      0	    444	    1bc	../object/APPLIB/Dtls/xy_dtls/src/xy_aes.o.flash
    490	      0	      0	    490	    1ea	../object/APPLIB/Dtls/xy_dtls/src/xy_mbedtls_net_sockets.o.flash
   4841	      0	      8	   4849	   12f1	../object/APPLIB/at_socket/src/at_socket_bc26.o.flash
   6123	      0	      0	   6123	   17eb	../object/APPLIB/at_socket/src/at_socket_cmd.o.flash
   3595	     12	     34	   3641	    e39	../object/APPLIB/at_socket/src/at_socket_context.o.flash
    593	      0	      0	    593	    251	../object/APPLIB/at_socket/src/at_socket_ram.o.ram
   1227	      0	      0	   1227	    4cb	../object/APPLIB/at_socket/src/at_socket_rcv.o.flash
   6501	     12	     23	   6536	   1988	../object/APPLIB/cJSON/cJSON.o.flash
   1661	      0	      4	   1665	    681	../object/APPLIB/http/atcmd/at_http.o.flash
   1124	      0	      0	   1124	    464	../object/APPLIB/http/atcmd/http_socket.o.flash
   2488	      0	      0	   2488	    9b8	../object/APPLIB/http/http_api.o.flash
   1135	      0	      0	   1135	    46f	../object/APPLIB/http/stringx.o.flash
    922	      0	      0	    922	    39a	../object/APPLIB/http/urlparser.o.flash
   9332	   1158	     20	  10510	   290e	../object/APPLIB/http/user_task_demo_http.o.flash
   6569	      0	      0	   6569	   19a9	../object/APPLIB/http/xy_http_client.o.flash
    538	      0	      0	    538	    21a	../object/APPLIB/mqtt/MQTTPacket/src/MQTTConnectClient.o.flash
    418	      0	      0	    418	    1a2	../object/APPLIB/mqtt/MQTTPacket/src/MQTTConnectServer.o.flash
    206	      0	      0	    206	     ce	../object/APPLIB/mqtt/MQTTPacket/src/MQTTDeserializePublish.o.flash
   1030	     60	      0	   1090	    442	../object/APPLIB/mqtt/MQTTPacket/src/MQTTFormat.o.flash
    836	      0	      4	    840	    348	../object/APPLIB/mqtt/MQTTPacket/src/MQTTPacket.o.flash
    308	      0	      0	    308	    134	../object/APPLIB/mqtt/MQTTPacket/src/MQTTSerializePublish.o.flash
    298	      0	      0	    298	    12a	../object/APPLIB/mqtt/MQTTPacket/src/MQTTSubscribeClient.o.flash
    246	      0	      0	    246	     f6	../object/APPLIB/mqtt/MQTTPacket/src/MQTTSubscribeServer.o.flash
    214	      0	      0	    214	     d6	../object/APPLIB/mqtt/MQTTPacket/src/MQTTUnsubscribeClient.o.flash
    188	      0	      0	    188	     bc	../object/APPLIB/mqtt/MQTTPacket/src/MQTTUnsubscribeServer.o.flash
   1470	      0	      0	   1470	    5be	../object/APPLIB/mqtt/utils/sha256.o.flash
    689	      0	      0	    689	    2b1	../object/APPLIB/mqtt/xy_mqtt/src/MQTTClient.o.flash
    771	      0	      0	    771	    303	../object/APPLIB/mqtt/xy_mqtt/src/MQTTTimer.o.flash
   7692	      0	     18	   7710	   1e1e	../object/APPLIB/mqtt/xy_mqtt/src/at_mqtt.o.flash
   5841	      0	      2	   5843	   16d3	../object/APPLIB/mqtt/xy_mqtt/src/at_xy_mqtt.o.flash
   8417	      0	    896	   9313	   2461	../object/APPLIB/mqtt/xy_mqtt/src/at_xy_mqtt_proc.o.flash
   1789	      0	      4	   1793	    701	../object/APPLIB/mqtt/xy_mqtt/src/xy_mqtt_api.o.flash
    445	      0	      0	    445	    1bd	../object/APPLIB/xy_ps/atc_ps/src/at_3GPP_cmd_demo.o.flash
    454	      0	      0	    454	    1c6	../object/APPLIB/xy_ps/atc_ps/src/atc_analysis.o.flash
   4778	      0	      0	   4778	   12aa	../object/APPLIB/xy_ps/atc_ps/src/atc_cmd_basic.o.flash
   8923	      0	      0	   8923	   22db	../object/APPLIB/xy_ps/atc_ps/src/atc_cmd_other.o.flash
  21507	      0	      4	  21511	   5407	../object/APPLIB/xy_ps/atc_ps/src/atc_cmd_proc.o.flash
    680	      0	      0	    680	    2a8	../object/APPLIB/xy_ps/atc_ps/src/atc_cmd_sms.o.flash
   1753	      0	      0	   1753	    6d9	../object/APPLIB/xy_ps/atc_ps/src/atc_msg_proc.o.flash
  17472	      0	      0	  17472	   4440	../object/APPLIB/xy_ps/atc_ps/src/atc_ps_com.o.flash
   1358	      8	      0	   1366	    556	../object/APPLIB/xy_ps/atc_ps/src/atc_ps_main.o.flash
   3604	      0	      0	   3604	    e14	../object/APPLIB/xy_ps/atc_ps/src/atc_ps_rom.o.flash
   2790	      0	     57	   2847	    b1f	../object/APPLIB/xy_ps/src/xy_ps_api.o.flash
    196	      0	      0	    196	     c4	../object/USERAPP/basic/src/main.o.ram
    235	      0	      0	    235	     eb	../object/USERAPP/basic/src/xy_app_hook.o.flash
      0	      0	      0	      0	      0	../object/USERAPP/basic/src/xy_demo.o.flash
    262	     14	      4	    280	    118	../object/USERAPP/basic/src/xy_sys_hook.o.flash
     36	      0	      0	     36	     24	../object/USERAPP/examples/NB+MCU_SPI_DEMO/COMMON_PROTOCOL/bms_msg_info.o.flash
    477	      0	      2	    479	    1df	../object/USERAPP/examples/NB+MCU_SPI_DEMO/COMMON_PROTOCOL/tlv_protocol.o.flash
    384	      0	      0	    384	    180	../object/USERAPP/examples/NB+MCU_SPI_DEMO/MCU_SPI_SLAVE/bms_slave_api.o.flash
    490	      0	      4	    494	    1ee	../object/USERAPP/examples/NB+MCU_SPI_DEMO/MCU_SPI_SLAVE/bms_slave_demo.o.flash
    575	      0	     16	    591	    24f	../object/USERAPP/examples/NB+MCU_SPI_DEMO/MCU_SPI_SLAVE/bms_slave_init.o.flash
    280	      0	      0	    280	    118	../object/USERAPP/examples/NB+MCU_SPI_DEMO/NB_SPI_MASTER/nb_master_api.o.flash
    287	      0	      0	    287	    11f	../object/USERAPP/examples/NB+MCU_SPI_DEMO/NB_SPI_MASTER/nb_master_demo.o.flash
    519	      0	     20	    539	    21b	../object/USERAPP/examples/NB+MCU_SPI_DEMO/NB_SPI_MASTER/nb_master_init.o.flash
      0	      0	      0	      0	      0	../object/USERAPP/examples/external_devices_demo/BY25D80AS/hal_spi_nor_flash_demo.o.flash
   1184	      0	      0	   1184	    4a0	../object/USERAPP/examples/external_devices_demo/GC6153/cmos_gc6153.o.flash
   1406	      5	    217	   1628	    65c	../object/USERAPP/examples/external_devices_demo/GC6153/cmos_recv_demo.o.flash
      0	      0	      0	      0	      0	../object/USERAPP/examples/external_devices_demo/SHT30/hal_rtc_uart_demo.o.flash
      0	      0	      0	      0	      0	../object/USERAPP/examples/external_devices_demo/ST7735/spi_lcd.o.flash
      0	      0	      0	      0	      0	../object/USERAPP/examples/external_devices_demo/ST7735/st7735.o.flash
      0	      0	      0	      0	      0	../object/USERAPP/examples/xy_cloud_demo/cdp/cdp_opencpu_demo.o.flash
      0	      0	      0	      0	      0	../object/USERAPP/examples/xy_cloud_demo/coap_opencpu_demo.o.flash
      0	      0	      0	      0	      0	../object/USERAPP/examples/xy_cloud_demo/connectivity_test.o.flash
      0	      0	      0	      0	      0	../object/USERAPP/examples/xy_cloud_demo/mqtt_opencpu_demo.o.flash
      0	      0	      0	      0	      0	../object/USERAPP/examples/xy_cloud_demo/onenet/cis_opencpu_demo.o.flash
      0	      0	      0	      0	      0	../object/USERAPP/examples/xy_cloud_demo/onenet/cis_opencpu_simple_demo.o.flash
   4687	    102	      0	   4789	   12b5	../object/USERAPP/examples/xy_fota_demo/by_http/xy_fota_by_http.o.flash
      0	      0	      0	      0	      0	../object/USERAPP/examples/xy_opencpu_demo/user_netif_demo.o.flash
      0	      0	      0	      0	      0	../object/USERAPP/examples/xy_opencpu_demo/user_task_demo.o.flash
      0	      0	      0	      0	      0	../object/USERAPP/examples/xy_opencpu_demo/user_task_demo2.o.flash
      0	      0	      0	      0	      0	../object/USERAPP/examples/xy_opencpu_demo/user_task_demo3.o.flash
      0	      0	      0	      0	      0	../object/USERAPP/examples/xy_opencpu_demo/user_task_volatile_demo.o.flash
      0	      0	      0	      0	      0	../object/USERAPP/examples/xy_peripheral_demo/flash/user_flash_demo.o.flash
      0	      0	      0	      0	      0	../object/USERAPP/examples/xy_peripheral_demo/hal_adc/hal_adc_demo.o.flash
      0	      0	      0	      0	      0	../object/USERAPP/examples/xy_peripheral_demo/hal_adc/hal_adc_switch_demo.o.flash
      0	      0	      0	      0	      0	../object/USERAPP/examples/xy_peripheral_demo/hal_csp/hal_csp_irda_demo.o.flash
      0	      0	      0	      0	      0	../object/USERAPP/examples/xy_peripheral_demo/hal_csp/hal_csp_spi_demo1.o.flash
      0	      0	      0	      0	      0	../object/USERAPP/examples/xy_peripheral_demo/hal_csp/hal_csp_spi_demo2.o.flash
      0	      0	      0	      0	      0	../object/USERAPP/examples/xy_peripheral_demo/hal_csp/hal_csp_uart_IT_demo.o.flash
      0	      0	      0	      0	      0	../object/USERAPP/examples/xy_peripheral_demo/hal_csp/hal_csp_uart_poll_demo.o.flash
      0	      0	      0	      0	      0	../object/USERAPP/examples/xy_peripheral_demo/hal_gpi/standby_wakeup_demo.o.flash
      0	      0	      0	      0	      0	../object/USERAPP/examples/xy_peripheral_demo/hal_gpio/hal_gpio_input_demo.o.flash
      0	      0	      0	      0	      0	../object/USERAPP/examples/xy_peripheral_demo/hal_gpio/hal_gpio_interrupt_demo.o.flash
    177	      0	      4	    181	     b5	../object/USERAPP/examples/xy_peripheral_demo/hal_gpio/hal_gpio_output_demo.o.flash
   1247	      0	     16	   1263	    4ef	../object/USERAPP/examples/xy_peripheral_demo/hal_gpio/net_led_pro.o.flash
      0	      0	      0	      0	      0	../object/USERAPP/examples/xy_peripheral_demo/hal_i2c/hal_i2c_master_demo.o.flash
      0	      0	      0	      0	      0	../object/USERAPP/examples/xy_peripheral_demo/hal_i2c/hal_i2c_slave_IT_demo.o.flash
      0	      0	      0	      0	      0	../object/USERAPP/examples/xy_peripheral_demo/hal_i2c/hal_i2c_slave_demo.o.flash
      0	      0	      0	      0	      0	../object/USERAPP/examples/xy_peripheral_demo/hal_ipc/hal_ipc_demo.o.flash
      0	      0	      0	      0	      0	../object/USERAPP/examples/xy_peripheral_demo/hal_spi/hal_spi_master_demo.o.flash
      0	      0	      0	      0	      0	../object/USERAPP/examples/xy_peripheral_demo/hal_spi/hal_spi_slave_IT_demo.o.flash
      0	      0	      0	      0	      0	../object/USERAPP/examples/xy_peripheral_demo/hal_spi/hal_spi_slave_demo.o.flash
      0	      0	      0	      0	      0	../object/USERAPP/examples/xy_peripheral_demo/hal_tim/hal_timer_cap_and_cmp_demo.o.flash
      0	      0	      0	      0	      0	../object/USERAPP/examples/xy_peripheral_demo/hal_tim/hal_timer_capture_demo.o.flash
      0	      0	      0	      0	      0	../object/USERAPP/examples/xy_peripheral_demo/hal_tim/hal_timer_compare_demo.o.flash
      0	      0	      0	      0	      0	../object/USERAPP/examples/xy_peripheral_demo/hal_tim/hal_timer_continuous_demo.o.flash
      0	      0	      0	      0	      0	../object/USERAPP/examples/xy_peripheral_demo/hal_tim/hal_timer_counter_demo.o.flash
      0	      0	      0	      0	      0	../object/USERAPP/examples/xy_peripheral_demo/hal_tim/hal_timer_gated_demo.o.flash
      0	      0	      0	      0	      0	../object/USERAPP/examples/xy_peripheral_demo/hal_tim/hal_timer_one_shot_demo.o.flash
      0	      0	      0	      0	      0	../object/USERAPP/examples/xy_peripheral_demo/hal_tim/hal_timer_pwm_dual_demo.o.flash
      0	      0	      0	      0	      0	../object/USERAPP/examples/xy_peripheral_demo/hal_tim/hal_timer_pwm_single_demo.o.flash
      0	      0	      0	      0	      0	../object/USERAPP/examples/xy_peripheral_demo/hal_uart/hal_uart_IT_demo.o.flash
      0	      0	      0	      0	      0	../object/USERAPP/examples/xy_peripheral_demo/hal_uart/hal_uart_poll_demo.o.flash
      0	      0	      0	      0	      0	../object/USERAPP/examples/xy_socket_demo/xy_async_socket_demo.o.flash
      0	      0	      0	      0	      0	../object/USERAPP/examples/xy_socket_demo/xy_socket_demo.o.flash
